// Jest Snapshot v1, https://goo.gl/fbAQLP

exports[`Sidebar Check node of MapComponent 1`] = `"<div class=\\"sidebar\\" data-opened=\\"true\\"><div class=\\"sidebar__background\\"></div><div class=\\"sidebar__container\\"><div><nav class=\\"navbar navbar-light head__navbar\\"><div class=\\"navbar-brand icon-block\\"><i class=\\"material-icons icon ripple\\">menu</i></div><a class=\\"navbar-brand\\" title=\\"Needed\\" href=\\"/\\"><img class=\\"head__logo\\" src=\\"/images/K_Logo_160x160.png\\" alt=\\"Needed Logo\\">Needed</a></nav><div class=\\"navbar list\\"><a class=\\"navbar-brand item ripple\\" title=\\"Home\\" href=\\"/\\"><div class=\\"navbar-brand icon-block\\"><i class=\\"material-icons icon\\">home</i></div><div class=\\"text\\">首頁</div></a><a class=\\"navbar-brand item ripple\\" title=\\"Needed\\" href=\\"/Needed\\"><div class=\\"navbar-brand icon-block\\"><i class=\\"material-icons icon\\">add_box</i></div><div class=\\"text\\">Needed</div></a></div></div></div></div>"`;
